// Jest Snapshot v1, https://goo.gl/fbAQLP

exports[` component is screen 1`] = `
<section
  class="bg-white text-black"
  id="idSection"
>
  <div
    class="max-w-screenMD mx-auto min-h-screen relative"
  >
    <div
      class="text-center max-w-[580px] mx-auto pt-16 px-10"
    >
      <h2
        class="font-black font-montserrat text-black text-4xl md:text-6xl uppercase"
      >
        my title 
      </h2>
      <article
        class="[&_a]:text-red-500 [&_a]:hover:underline [&_a]:decoration-red-500 [&_ul]:py-10 [&_ol]:py-10 [&_p]:py-10 [&_p]:text-xl [&_h2]:text-2xl [&_h2]:font-bold [&_h2]:uppercase [&_h3]:text-2xl [&_h3]:font-bold [&_h3]:uppercase"
      >
        <p>
          hi 
        </p>
      </article>
      <article
        class="w-full  overflow-x-scroll"
      />
    </div>
  </div>
</section>
`;
